---
source: src/oneil_snapshot_tests/src/test.rs
expression: "run_fixture(\"chain_apply_unit_mismatch/parent.on\")"
---
error: applied design `bad.one` produced invalid contributions
  at fixtures/chain_apply_unit_mismatch/mid.on:7:7

error: unit mismatch: parameter `lng` has unit `m` but design applies value with unit `s`
  at fixtures/chain_apply_unit_mismatch/bad.one:8:1

error: submodel `m` has errors
  at fixtures/chain_apply_unit_mismatch/parent.on:14:10
